<html>
<body>
<pre>
<h1>µVision Build Log</h1>
<h2>Project:</h2>
F:\MCU\STM32F1\STM32F1_RFID_Simple\STM32F1_RFID\KeilC\RFID_Keypad.uvproj
Project File Date:  11/01/2018

<h2>Output:</h2>
Build target 'STM32F1_RFID'
compiling main.c...
linking...
Program Size: Code=9120 RO-data=336 RW-data=628 ZI-data=1060  
FromELF: creating hex file...
"..\OBJ\main.axf" - 0 Error(s), 0 Warning(s).
  uchar temp;
..\User\stm32f1_rc522.c: 1 warning, 0 errors
compiling stm32f10x_it.c...
compiling usart.c...
compiling keypad.c...
compiling misc.c...
compiling stm32f10x_usart.c...
compiling stm32f10x_gpio.c...
compiling stm32f10x_rcc.c...
compiling stm32f10x_tim.c...
compiling stm32f10x_spi.c...
compiling stm32f10x_sdio.c...
compiling system_stm32f10x.c...
compiling core_cm3.c...
assembling startup_stm32f10x_hd.s...
linking...
Program Size: Code=9120 RO-data=336 RW-data=628 ZI-data=1060  
FromELF: creating hex file...
"..\OBJ\main.axf" - 0 Error(s), 1 Warning(s).
